// Jest Snapshot v1, https://goo.gl/fbAQLP

exports[`Test Main Page Match snapshot 1`] = `
<DocumentFragment>
  <div
    class="danger"
    data-testid="Div::Loading"
  >
    Loading...
  </div>
</DocumentFragment>
`;
